<svg xmlns="http://www.w3.org/2000/svg" xmlns:xlink="http://www.w3.org/1999/xlink" version="1.1" viewBox="0 0 1748 1240"><g id="v-3" class="joint-viewport" transform="matrix(1,0,0,1,0,0)"><g id="j_12" model-id="a96a2674-9b01-476b-b822-8b71bbc5e2f6" class="joint-theme-default joint-cell joint-type-structurizr joint-type-structurizr-diagrammetadata joint-element" data-type="structurizr.diagramMetadata" transform="translate(20,1224)"><g id="v-93"><text class="structurizrDiagramMetadata structurizrMetadata" id="v-94" font-weight="normal" font-size="22px" text-anchor="start" fill="#777777" pointer-events="none" font-family="Open Sans"></text></g></g><g id="j_11" model-id="1f5c3937-d62a-4551-823e-31e1bb4d91e7" class="joint-theme-default joint-cell joint-type-structurizr joint-type-structurizr-diagramdescription joint-element" data-type="structurizr.diagramDescription" transform="translate(20,1195)"><g id="v-89"><text class="structurizrDiagramDescription structurizrMetadata" id="v-90" font-size="22px" y="0.8em" xml:space="preserve" font-weight="normal" text-anchor="start" fill="#777777" pointer-events="none" font-family="Open Sans" transform="matrix(1,0,0,1,0,0)"><tspan id="v-91" class="v-line" dy="0em" x="0">Big-picture&nbsp;diagram&nbsp;showing&nbsp;how&nbsp;our&nbsp;top-level&nbsp;systems&nbsp;and&nbsp;stakeholders&nbsp;interact&nbsp;|&nbsp;Diagram&nbsp;created&nbsp;with&nbsp;Structurizr,&nbsp;your&nbsp;software&nbsp;architecture&nbsp;documentation&nbsp;hub&nbsp;-&nbsp;structurizr.com</tspan></text></g></g><g id="j_10" model-id="a10c4df0-70a7-4684-b232-b199a5b3cdf4" class="joint-theme-default joint-cell joint-type-structurizr joint-type-structurizr-diagramtitle joint-element" data-type="structurizr.diagramTitle" transform="translate(20,1149)"><g id="v-85"><text class="structurizrDiagramTitle structurizrMetadata" id="v-86" font-size="36px" y="0.8em" xml:space="preserve" font-weight="bold" text-anchor="start" fill="#000000" pointer-events="none" font-family="Open Sans" transform="matrix(1,0,0,1,0,0)"><tspan id="v-87" class="v-line" dy="0em" x="0">System&nbsp;Landscape&nbsp;diagram&nbsp;for&nbsp;Acme&nbsp;inc.</tspan></text></g></g><g id="j_6" model-id="eaaf0ddb-9f71-403a-b0e0-15606dcb668b" class="joint-theme-default joint-cell joint-type-structurizr joint-type-structurizr-person joint-element" data-type="structurizr.person" transform="translate(125,50)" style="cursor: move !important"><g class="structurizrElement" id="v-35"><rect class="structurizrPersonBody structurizrHighlightableElement" x="0" y="160" width="400" height="240" rx="70" id="v-37" stroke="#c7c7c7" stroke-width="2" pointer-events="visiblePainted" fill="#dddddd"></rect><circle class="structurizrPersonHead structurizrHighlightableElement" cx="200" cy="88.88888888888889" r="88.88888888888889" id="v-36" stroke="#c7c7c7" stroke-width="2" pointer-events="visiblePainted" fill="#dddddd"></circle><line class="structurizrPersonRightArm" x1="80" y1="266.6666666666667" x2="80" y2="400" style="stroke-width:2px" id="v-43" stroke="#c7c7c7"></line><line class="structurizrPersonLeftArm" x1="320" y1="266.6666666666667" x2="320" y2="400" style="stroke-width:2px" id="v-44" stroke="#c7c7c7"></line><text class="structurizrName" id="v-38" font-size="34px" y="0.8em" xml:space="preserve" font-weight="bold" text-anchor="middle" pointer-events="visible" font-family="Open Sans" fill="#000000" transform="matrix(1,0,0,1,200,235)"><tspan id="v-45" class="v-line" dy="0em" x="0">A</tspan></text><text class="structurizrMetaData" id="v-39" font-size="19px" y="0.8em" xml:space="preserve" text-anchor="middle" font-family="Open Sans" fill="#000000" transform="matrix(1,0,0,1,200,275)"><tspan id="v-46" class="v-line" dy="0em" x="0">[Person]</tspan></text><text class="structurizrDescription" id="v-40" font-size="24px" y="0.8em" display="none" xml:space="preserve" text-anchor="middle" font-family="Open Sans" fill="#000000" transform="matrix(1,0,0,1,200,325)"><tspan id="v-47" class="v-line v-empty-line" dy="0em" x="0" style="fill-opacity: 0; stroke-opacity: 0;">-</tspan></text><text class="structurizrNavigation" id="v-41" font-weight="bold" text-anchor="middle" display="none" font-family="Open Sans" fill="#a6a6a6" font-size="24" transform="matrix(1,0,0,1,200,371.2)"></text><image class="structurizrIcon" id="v-42"></image></g></g><g id="j_7" model-id="4aaf40a2-dc3a-46d6-b1c0-c44a4a7dd622" class="joint-theme-default joint-cell joint-type-structurizr joint-type-structurizr-box joint-element" data-type="structurizr.box" transform="translate(800,100)" style="cursor: move !important"><g class="structurizrElement" id="v-49"><rect class="structurizrBox structurizrHighlightableElement" id="v-50" rx="1" ry="1" stroke="#c7c7c7" stroke-width="2" pointer-events="visiblePainted" fill="#dddddd" width="450" height="300"></rect><text class="structurizrName" id="v-51" font-size="34" y="0.8em" xml:space="preserve" font-weight="bold" text-anchor="middle" pointer-events="visible" font-family="Open Sans" fill="#000000" transform="matrix(1,0,0,1,225,105)"><tspan id="v-56" class="v-line" dy="0em" x="0">B</tspan></text><text class="structurizrMetaData" id="v-52" font-size="19" y="0.8em" xml:space="preserve" text-anchor="middle" font-family="Open Sans" fill="#000000" transform="matrix(1,0,0,1,225,145)"><tspan id="v-57" class="v-line" dy="0em" x="0">[Software&nbsp;System]</tspan></text><text class="structurizrDescription" id="v-53" font-size="24" y="0.8em" display="none" xml:space="preserve" text-anchor="middle" font-family="Open Sans" fill="#000000" transform="matrix(1,0,0,1,225,195)"><tspan id="v-58" class="v-line v-empty-line" dy="0em" x="0" style="fill-opacity: 0; stroke-opacity: 0;">-</tspan></text><text class="structurizrNavigation" id="v-54" font-weight="bold" text-anchor="middle" display="none" font-family="Open Sans" fill="#a6a6a6" font-size="24" transform="matrix(1,0,0,1,225,270)"></text><image class="structurizrIcon" id="v-55"></image></g></g><g id="j_8" model-id="350d2916-c5e6-421e-85ed-11595fee7852" class="joint-theme-default joint-cell joint-type-structurizr joint-type-structurizr-relationship joint-link" data-type="structurizr.relationship"><path class="connection" stroke="#707070" id="v-74" stroke-width="2" stroke-dasharray="30 30" fill="none" d="M 525 250 780 250"></path><path class="marker-source" fill="black" stroke="black" transform="translate(525,250) scale(1,1) rotate(0)"></path><path class="marker-target" fill="#707070" stroke="#707070" id="v-76" d="M 20 0 L 0 10 L 20 20 z" transform="translate(800,260) scale(1,1) rotate(-180)"></path><path class="connection-wrap" id="v-75" fill="none" d="M 525 250 780 250"></path><title class="tooltip"></title><g class="labels"><g class="label" id="v-66" label-idx="0"  transform="translate(652.5, 250)"><rect id="v-68" fill="#ffffff" rx="3" ry="3" stroke="#ffffff" stroke-width="20px" pointer-events="none" width="165.78125" height="32.25" transform="matrix(1,0,0,1,-82.9,-16.1)"></rect><text id="v-67" font-size="24px" y="0.8em" xml:space="preserve" text-anchor="middle" pointer-events="none" fill="#707070" font-family="Open Sans" font-weight="bold" transform="matrix(1,0,0,1,0,-10)"><tspan id="v-69" class="v-line" dy="0em" x="0">interacts&nbsp;with</tspan></text></g><g class="label" id="v-70" label-idx="1"  transform="translate(652.5, 281.2)"><rect id="v-72" fill="#ffffff" rx="3" ry="3" pointer-events="none" width="0" height="0" transform="matrix(1,0,0,1,0,0)"></rect><text id="v-71" font-size="19px" y="0.8em" display="none" xml:space="preserve" text-anchor="middle" pointer-events="none" fill="#707070" font-family="Open Sans" font-weight="normal" transform="matrix(1,0,0,1,0,0)"><tspan id="v-73" class="v-line v-empty-line" dy="0em" x="0" style="fill-opacity: 0; stroke-opacity: 0;">-</tspan></text></g></g><g class="marker-vertices" display="none"></g><g class="marker-arrowheads" id="v-78" display="none"><g class="marker-arrowhead-group marker-arrowhead-group-source" id="v-63"><path class="marker-arrowhead" end="source" d="M 26 0 L 0 13 L 26 26 z"></path></g><g class="marker-arrowhead-group marker-arrowhead-group-target" id="v-64"><path class="marker-arrowhead" end="target" d="M 26 0 L 0 13 L 26 26 z"></path></g></g><g class="link-tools" id="v-77" display="none"><g class="link-tool" id="v-62" transform="translate(565, 250) "><g class="tool-remove" event="remove"><circle r="11"></circle><path transform="scale(.8) translate(-16, -16)" d="M24.778,21.419 19.276,15.917 24.777,10.415 21.949,7.585 16.447,13.087 10.945,7.585 8.117,10.415 13.618,15.917 8.116,21.419 10.946,24.248 16.447,18.746 21.948,24.248z"></path><title>Remove link.</title></g><g class="tool-options" event="link:options"><circle r="11" transform="translate(25)"></circle><path fill="white" transform="scale(.55) translate(29, -16)" d="M31.229,17.736c0.064-0.571,0.104-1.148,0.104-1.736s-0.04-1.166-0.104-1.737l-4.377-1.557c-0.218-0.716-0.504-1.401-0.851-2.05l1.993-4.192c-0.725-0.91-1.549-1.734-2.458-2.459l-4.193,1.994c-0.647-0.347-1.334-0.632-2.049-0.849l-1.558-4.378C17.165,0.708,16.588,0.667,16,0.667s-1.166,0.041-1.737,0.105L12.707,5.15c-0.716,0.217-1.401,0.502-2.05,0.849L6.464,4.005C5.554,4.73,4.73,5.554,4.005,6.464l1.994,4.192c-0.347,0.648-0.632,1.334-0.849,2.05l-4.378,1.557C0.708,14.834,0.667,15.412,0.667,16s0.041,1.165,0.105,1.736l4.378,1.558c0.217,0.715,0.502,1.401,0.849,2.049l-1.994,4.193c0.725,0.909,1.549,1.733,2.459,2.458l4.192-1.993c0.648,0.347,1.334,0.633,2.05,0.851l1.557,4.377c0.571,0.064,1.148,0.104,1.737,0.104c0.588,0,1.165-0.04,1.736-0.104l1.558-4.377c0.715-0.218,1.399-0.504,2.049-0.851l4.193,1.993c0.909-0.725,1.733-1.549,2.458-2.458l-1.993-4.193c0.347-0.647,0.633-1.334,0.851-2.049L31.229,17.736zM16,20.871c-2.69,0-4.872-2.182-4.872-4.871c0-2.69,2.182-4.872,4.872-4.872c2.689,0,4.871,2.182,4.871,4.872C20.871,18.689,18.689,20.871,16,20.871z"></path><title>Link options.</title></g></g></g></g><g id="j_9" model-id="538d7c30-aaf3-4cc5-90c9-14c5783ff420" class="joint-theme-default joint-cell joint-type-structurizr joint-type-structurizr-diagramwatermark joint-element" data-type="structurizr.diagramWatermark" transform="translate(873.5,239)"><g id="v-80"><text class="structurizrDiagramWatermark" id="v-81" y="0.8em" xml:space="preserve" font-family="Open Sans" font-weight="bolder" text-anchor="middle" pointer-events="none" fill="#999999" stroke="#777777" stroke-width="2px" opacity="0.02" transform="matrix(1,0,0,1,0,0)" font-size="291.3333333333333px"><tspan id="v-83" class="v-line" dy="0em" x="0">Structurizr</tspan></text></g></g></g><defs id="v-4"></defs></svg>

<svg xmlns="http://www.w3.org/2000/svg" xmlns:xlink="http://www.w3.org/1999/xlink" version="1.1" viewBox="0 0 2500 500"><g transform="translate(25,100)"><rect width="450" height="300" rx="3" ry="3" x="0" y="0" fill="#dddddd" stroke-width="5" stroke="#c7c7c7"></rect><text x="225" y="137.5" text-anchor="middle" fill="#000000" font-size="30px" font-family="Open Sans"><tspan x="225">Element</tspan></text></g><g transform="translate(525,25)"><rect x="0" y="180" width="450" height="270" rx="90" fill="#dddddd" stroke-width="5" stroke="#c7c7c7"></rect><circle cx="225" cy="100" r="100" fill="#dddddd" stroke-width="5" stroke="#c7c7c7"></circle><line x1="90" y1="300" x2="90" y2="450" stroke-width="5" stroke="#c7c7c7"></line><line x1="360" y1="300" x2="360" y2="450" stroke-width="5" stroke="#c7c7c7"></line><text x="225" y="312.5" text-anchor="middle" fill="#000000" font-size="30px" font-family="Open Sans"><tspan x="225">Person</tspan></text></g><g transform="translate(1025,170)"><path d="M390,0 L390,60 L450,30 L 390,0" style="fill:#707070" stroke-dasharray=""></path><path d="M0,30 L390,30" style="stroke:#707070; stroke-width: 6; fill: none; stroke-dasharray: 30 30;"></path><text x="225" y="97.5" text-anchor="middle" fill="#707070" font-size="30px" font-family="Open Sans"><tspan x="225">Relationship</tspan></text></g></svg>
